MO cal_sigma NULL cal_sigma.v vlg20/cal__sigma.bin 1614750955
MO cal_g_bit NULL cal_g_bit.v vlg74/cal__g__bit.bin 1614750955
MO cal_p_g NULL cal_p_g.v vlg51/cal__p__g.bin 1614750955
MO cal_p_bit NULL cal_p_bit.v vlg6D/cal__p__bit.bin 1614750955
MO cal_sigma_bit NULL cal_sigma_bit.v vlg16/cal__sigma__bit.bin 1614750955
MO ALU74181 NULL ALU74181.v vlg6F/_a_l_u74181.bin 1614750955
MO not_all NULL not_all.v vlg71/not__all.bin 1614750955
MO xor_all NULL xor_all.v vlg69/xor__all.bin 1614750955
